  Building Custom Rule C:/Users/Casa/Desktop/Motorcin-/CMakeLists.txt
  CMake is re-running because C:/Users/Casa/Desktop/Motorcin-/build/CMakeFiles/generate.stamp is out-of-date.
    the file 'C:/Users/Casa/Desktop/Motorcin-/CMakeLists.txt'
    is newer than 'C:/Users/Casa/Desktop/Motorcin-/build/CMakeFiles/generate.stamp.depend'
    result='-1'
  -- Running vcpkg install
  Detectando hash del compilador para el triplete x64-windows...
  Se encontrÔö£Ôöé el compilador: C:/Program Files/Microsoft Visual Studio/2022/Community/VC/Tools/MSVC/14.38.33130/bin/Hostx64/x64/cl.exe
  Los siguientes paquetes ya estÔö£├¡n instalados:
      assimp:x64-windows@6.0.2#1 -- git+https://github.com/microsoft/vcpkg@c5281ba1740ef8aeff54f666fbe1c60c0deac076
    * draco:x64-windows@1.5.7 -- git+https://github.com/microsoft/vcpkg@06799add74da6e9e4634e4c7f27b82b1149a8bb6
    * egl-registry:x64-windows@2024-01-25 -- git+https://github.com/microsoft/vcpkg@d883db43133dd223c4ffdbef4193943f6784d43a
      glad[core,loader]:x64-windows@0.1.36 -- git+https://github.com/microsoft/vcpkg@fa93b14c1581057e1d14650f5f15c9b0757dd548
    * jhasse-poly2tri:x64-windows@2023-12-27#2 -- git+https://github.com/microsoft/vcpkg@d94a24dde4173f85d1aaeb16b3eecc71b100b5be
    * kubazip:x64-windows@0.3.5 -- git+https://github.com/microsoft/vcpkg@f6a191f1346675cf2a6683141e8a24f3052a1d27
    * minizip:x64-windows@1.3.1#1 -- git+https://github.com/microsoft/vcpkg@bb8016593efa5220d1b877c27cd8612862c13d81
    * opengl-registry:x64-windows@2024-02-10#1 -- git+https://github.com/microsoft/vcpkg@22f7aa58ee78c9f0db904b6251e9265f2be26f9d
    * polyclipping:x64-windows@6.4.2#13 -- git+https://github.com/microsoft/vcpkg@2388298c7ad673550c7492454666dd3a34ada895
    * pugixml:x64-windows@1.15 -- git+https://github.com/microsoft/vcpkg@a3181de4dee35567b45611a938eb0f44f5ee016d
    * rapidjson:x64-windows@2025-02-26 -- git+https://github.com/microsoft/vcpkg@4297a243aa0e3ed6c3a4c307579914593da5751d
      sdl3:x64-windows@3.2.22 -- git+https://github.com/microsoft/vcpkg@ef1517d02481885e951bcb8aee2e41d7cec6c2ab
    * stb:x64-windows@2024-07-29#1 -- git+https://github.com/microsoft/vcpkg@c362152d1d02973e7b1ce777960f8a6876656560
    * utfcpp:x64-windows@4.0.6 -- git+https://github.com/microsoft/vcpkg@f73420a80f760312a45c40fce2b350009991c674
    * vcpkg-cmake:x64-windows@2024-04-23 -- git+https://github.com/microsoft/vcpkg@e74aa1e8f93278a8e71372f1fa08c3df420eb840
    * vcpkg-cmake-config:x64-windows@2024-05-23 -- git+https://github.com/microsoft/vcpkg@97a63e4bc1a17422ffe4eff71da53b4b561a7841
    * vcpkg-cmake-get-vars:x64-windows@2025-05-29 -- git+https://github.com/microsoft/vcpkg@d6510f888dd526c7828f6b973349e7f30be51254
    * zlib:x64-windows@1.3.1 -- git+https://github.com/microsoft/vcpkg@3f05e04b9aededb96786a911a16193cdb711f0c9
  assimp proporciona destinos de CMake:
  
    # esto se genera de forma heurÔö£┬ística y puede que no sea correcto
    find_package(assimp CONFIG REQUIRED)
    target_link_libraries(main PRIVATE assimp::assimp)
  
  assimp proporciona mÔö£Ôöédulos de pkg-config:
  
    # Import various well-known 3D model formats in an uniform manner.
    assimp
  
  glad proporciona destinos de CMake:
  
    # esto se genera de forma heurÔö£┬ística y puede que no sea correcto
    find_package(glad CONFIG REQUIRED)
    target_link_libraries(main PRIVATE glad::glad)
  
  sdl3 provides CMake targets:
  
    find_package(SDL3 CONFIG REQUIRED)
    target_link_libraries(main PRIVATE SDL3::SDL3)
  
  Todas las instalaciones solicitadas se completaron correctamente en: 1.37 ms
  -- Running vcpkg install - done
  -- Selecting Windows SDK version 10.0.19041.0 to target Windows 10.0.19045.
  -- Configuring done (2.6s)
  CMake Error at C:/Users/Casa/vcpkg/scripts/buildsystems/vcpkg.cmake:608 (_add_executable):
    Cannot find source file:
  
      src/Core/Main.cpp
  Call Stack (most recent call first):
    CMakeLists.txt:36 (add_executable)
  
  
  CMake Error at C:/Users/Casa/vcpkg/scripts/buildsystems/vcpkg.cmake:608 (_add_executable):
    No SOURCES given to target: MotorcinEngine
  Call Stack (most recent call first):
    CMakeLists.txt:36 (add_executable)
  
  
  CMake Generate step failed.  Build files cannot be regenerated correctly.
C:\Program Files\Microsoft Visual Studio\2022\Community\MSBuild\Microsoft\VC\v170\Microsoft.CppCommon.targets(254,5): error MSB8066: Compilación personalizada de "C:\Users\Casa\Desktop\Motorcin-\CMakeLists.txt" terminada con el código 1.
